ERROR - 2026-06-08 14:26:14 --> Error connecting to the database: mysqli_sql_exception: Unknown database 'praktikum7' in C:\xampp\htdocs\Praktikum-Pemrograman-Web-2\Modul 7\system\Database\MySQLi\Connection.php:201
Stack trace:
#0 C:\xampp\htdocs\Praktikum-Pemrograman-Web-2\Modul 7\system\Database\MySQLi\Connection.php(201): mysqli->real_connect('localhost', 'root', Object(SensitiveParameterValue), 'praktikum7', 3306, '', 0)
#1 C:\xampp\htdocs\Praktikum-Pemrograman-Web-2\Modul 7\system\Database\BaseConnection.php(555): CodeIgniter\Database\MySQLi\Connection->connect(false)
#2 C:\xampp\htdocs\Praktikum-Pemrograman-Web-2\Modul 7\system\Database\BaseConnection.php(795): CodeIgniter\Database\BaseConnection->initialize()
#3 C:\xampp\htdocs\Praktikum-Pemrograman-Web-2\Modul 7\system\Database\BaseConnection.php(1706): CodeIgniter\Database\BaseConnection->query('SHOW TABLES FRO...')
#4 C:\xampp\htdocs\Praktikum-Pemrograman-Web-2\Modul 7\system\Database\BaseConnection.php(1726): CodeIgniter\Database\BaseConnection->listTables()
#5 C:\xampp\htdocs\Praktikum-Pemrograman-Web-2\Modul 7\system\Database\MigrationRunner.php(821): CodeIgniter\Database\BaseConnection->tableExists('migrations')
#6 C:\xampp\htdocs\Praktikum-Pemrograman-Web-2\Modul 7\system\Database\MigrationRunner.php(173): CodeIgniter\Database\MigrationRunner->ensureTable()
#7 C:\xampp\htdocs\Praktikum-Pemrograman-Web-2\Modul 7\system\Commands\Database\Migrate.php(89): CodeIgniter\Database\MigrationRunner->latest(NULL)
#8 C:\xampp\htdocs\Praktikum-Pemrograman-Web-2\Modul 7\system\CLI\SignalTrait.php(245): CodeIgniter\Commands\Database\Migrate::CodeIgniter\Commands\Database\{closure}()
#9 C:\xampp\htdocs\Praktikum-Pemrograman-Web-2\Modul 7\system\Commands\Database\Migrate.php(88): CodeIgniter\Commands\Database\Migrate->withSignalsBlocked(Object(Closure))
#10 C:\xampp\htdocs\Praktikum-Pemrograman-Web-2\Modul 7\system\CLI\Commands.php(72): CodeIgniter\Commands\Database\Migrate->run(Array)
#11 C:\xampp\htdocs\Praktikum-Pemrograman-Web-2\Modul 7\system\CLI\Console.php(47): CodeIgniter\CLI\Commands->run('migrate', Array)
#12 C:\xampp\htdocs\Praktikum-Pemrograman-Web-2\Modul 7\system\Boot.php(442): CodeIgniter\CLI\Console->run()
#13 C:\xampp\htdocs\Praktikum-Pemrograman-Web-2\Modul 7\system\Boot.php(166): CodeIgniter\Boot::runCommand(Object(CodeIgniter\CLI\Console))
#14 C:\xampp\htdocs\Praktikum-Pemrograman-Web-2\Modul 7\spark(87): CodeIgniter\Boot::bootSpark(Object(Config\Paths))
#15 {main}

Next CodeIgniter\Database\Exceptions\DatabaseException: Unknown database 'praktikum7' in C:\xampp\htdocs\Praktikum-Pemrograman-Web-2\Modul 7\system\Database\MySQLi\Connection.php:231
Stack trace:
#0 C:\xampp\htdocs\Praktikum-Pemrograman-Web-2\Modul 7\system\Database\BaseConnection.php(555): CodeIgniter\Database\MySQLi\Connection->connect(false)
#1 C:\xampp\htdocs\Praktikum-Pemrograman-Web-2\Modul 7\system\Database\BaseConnection.php(795): CodeIgniter\Database\BaseConnection->initialize()
#2 C:\xampp\htdocs\Praktikum-Pemrograman-Web-2\Modul 7\system\Database\BaseConnection.php(1706): CodeIgniter\Database\BaseConnection->query('SHOW TABLES FRO...')
#3 C:\xampp\htdocs\Praktikum-Pemrograman-Web-2\Modul 7\system\Database\BaseConnection.php(1726): CodeIgniter\Database\BaseConnection->listTables()
#4 C:\xampp\htdocs\Praktikum-Pemrograman-Web-2\Modul 7\system\Database\MigrationRunner.php(821): CodeIgniter\Database\BaseConnection->tableExists('migrations')
#5 C:\xampp\htdocs\Praktikum-Pemrograman-Web-2\Modul 7\system\Database\MigrationRunner.php(173): CodeIgniter\Database\MigrationRunner->ensureTable()
#6 C:\xampp\htdocs\Praktikum-Pemrograman-Web-2\Modul 7\system\Commands\Database\Migrate.php(89): CodeIgniter\Database\MigrationRunner->latest(NULL)
#7 C:\xampp\htdocs\Praktikum-Pemrograman-Web-2\Modul 7\system\CLI\SignalTrait.php(245): CodeIgniter\Commands\Database\Migrate::CodeIgniter\Commands\Database\{closure}()
#8 C:\xampp\htdocs\Praktikum-Pemrograman-Web-2\Modul 7\system\Commands\Database\Migrate.php(88): CodeIgniter\Commands\Database\Migrate->withSignalsBlocked(Object(Closure))
#9 C:\xampp\htdocs\Praktikum-Pemrograman-Web-2\Modul 7\system\CLI\Commands.php(72): CodeIgniter\Commands\Database\Migrate->run(Array)
#10 C:\xampp\htdocs\Praktikum-Pemrograman-Web-2\Modul 7\system\CLI\Console.php(47): CodeIgniter\CLI\Commands->run('migrate', Array)
#11 C:\xampp\htdocs\Praktikum-Pemrograman-Web-2\Modul 7\system\Boot.php(442): CodeIgniter\CLI\Console->run()
#12 C:\xampp\htdocs\Praktikum-Pemrograman-Web-2\Modul 7\system\Boot.php(166): CodeIgniter\Boot::runCommand(Object(CodeIgniter\CLI\Console))
#13 C:\xampp\htdocs\Praktikum-Pemrograman-Web-2\Modul 7\spark(87): CodeIgniter\Boot::bootSpark(Object(Config\Paths))
#14 {main}
CRITICAL - 2026-06-08 14:32:26 --> CodeIgniter\Exceptions\InvalidArgumentException: Unable to locate the seeds directory. Please check Config\Database::filesPath
[Method: CLI, Route: db:seed/UserSeeder]
in SYSTEMPATH\Database\Seeder.php on line 90.
 1 SYSTEMPATH\Commands\Database\Seed.php(71): CodeIgniter\Database\Seeder->__construct(Object(Config\Database))
 2 SYSTEMPATH\CLI\Commands.php(72): CodeIgniter\Commands\Database\Seed->run([...])
 3 SYSTEMPATH\CLI\Console.php(47): CodeIgniter\CLI\Commands->run('db:seed', [...])
 4 SYSTEMPATH\Boot.php(442): CodeIgniter\CLI\Console->run()
 5 SYSTEMPATH\Boot.php(166): CodeIgniter\Boot::runCommand(Object(CodeIgniter\CLI\Console))
 6 ROOTPATH\spark(87): CodeIgniter\Boot::bootSpark(Object(Config\Paths))
CRITICAL - 2026-06-08 14:34:01 --> CodeIgniter\Exceptions\InvalidArgumentException: Unable to locate the seeds directory. Please check Config\Database::filesPath
[Method: CLI, Route: db:seed/UserSeeder]
in SYSTEMPATH\Database\Seeder.php on line 90.
 1 SYSTEMPATH\Commands\Database\Seed.php(71): CodeIgniter\Database\Seeder->__construct(Object(Config\Database))
 2 SYSTEMPATH\CLI\Commands.php(72): CodeIgniter\Commands\Database\Seed->run([...])
 3 SYSTEMPATH\CLI\Console.php(47): CodeIgniter\CLI\Commands->run('db:seed', [...])
 4 SYSTEMPATH\Boot.php(442): CodeIgniter\CLI\Console->run()
 5 SYSTEMPATH\Boot.php(166): CodeIgniter\Boot::runCommand(Object(CodeIgniter\CLI\Console))
 6 ROOTPATH\spark(87): CodeIgniter\Boot::bootSpark(Object(Config\Paths))
CRITICAL - 2026-06-08 14:44:02 --> CodeIgniter\Exceptions\InvalidArgumentException: Unable to locate the seeds directory. Please check Config\Database::filesPath
[Method: CLI, Route: db:seed/UserSeeder]
in SYSTEMPATH\Database\Seeder.php on line 90.
 1 SYSTEMPATH\Commands\Database\Seed.php(71): CodeIgniter\Database\Seeder->__construct(Object(Config\Database))
 2 SYSTEMPATH\CLI\Commands.php(72): CodeIgniter\Commands\Database\Seed->run([...])
 3 SYSTEMPATH\CLI\Console.php(47): CodeIgniter\CLI\Commands->run('db:seed', [...])
 4 SYSTEMPATH\Boot.php(442): CodeIgniter\CLI\Console->run()
 5 SYSTEMPATH\Boot.php(166): CodeIgniter\Boot::runCommand(Object(CodeIgniter\CLI\Console))
 6 ROOTPATH\spark(87): CodeIgniter\Boot::bootSpark(Object(Config\Paths))
CRITICAL - 2026-06-08 14:45:45 --> CodeIgniter\Exceptions\InvalidArgumentException: Unable to locate the seeds directory. Please check Config\Database::filesPath
[Method: CLI, Route: db:seed/UserSeeder]
in SYSTEMPATH\Database\Seeder.php on line 90.
 1 SYSTEMPATH\Commands\Database\Seed.php(71): CodeIgniter\Database\Seeder->__construct(Object(Config\Database))
 2 SYSTEMPATH\CLI\Commands.php(72): CodeIgniter\Commands\Database\Seed->run([...])
 3 SYSTEMPATH\CLI\Console.php(47): CodeIgniter\CLI\Commands->run('db:seed', [...])
 4 SYSTEMPATH\Boot.php(442): CodeIgniter\CLI\Console->run()
 5 SYSTEMPATH\Boot.php(166): CodeIgniter\Boot::runCommand(Object(CodeIgniter\CLI\Console))
 6 ROOTPATH\spark(87): CodeIgniter\Boot::bootSpark(Object(Config\Paths))
